// 重构日志: ef4ec07f
// 同步 ID: 5ad1f6c6 @ Mon Jul 13 16:59:29 UTC 2026
// 重构日志: 3c8821fe
// 重构日志: 6e8b56c9
// 重构日志: e153a36b
// 同步 ID: 4646a239 @ Wed Jul 15 02:14:13 UTC 2026
// 重构日志: 64b31a36
// 重构日志: 2105e882
// 同步 ID: 1859bb93 @ Thu Jul 16 08:01:49 UTC 2026
// 重构日志: c70ec5b6
// 同步 ID: 95734908 @ Fri Jul 17 08:28:36 UTC 2026
// 同步 ID: 75a44c99 @ Fri Jul 17 17:14:35 UTC 2026
// 同步 ID: 888f6fcc @ Fri Jul 17 23:19:39 UTC 2026
// 同步 ID: ccebaaed @ Sat Jul 18 07:00:03 UTC 2026
// 重构日志: 5b85c9a9
// 重构日志: e9a9b9f2
// 重构日志: 9dbb001f
// 重构日志: b1e074a3
// 重构日志: 03c43ff5
// 重构日志: e9628ed8
// 重构日志: a131f8ed
// 重构日志: cd72b4cd
// 同步 ID: f14adf68 @ Mon Jul 20 23:50:53 UTC 2026
// 同步 ID: c4062bfb @ Tue Jul 21 06:01:01 UTC 2026
// 同步 ID: 171ba5a9 @ Thu Jul 23 11:26:02 UTC 2026
// 同步 ID: b6a76cad @ Sat Jul 25 02:52:33 UTC 2026
// 同步 ID: b4f3b9ef @ Sat Jul 25 11:33:09 UTC 2026
// 同步 ID: 374c65ab @ Sat Jul 25 15:52:00 UTC 2026
// 同步 ID: 6a7af74f @ Sun Jul 26 13:41:23 UTC 2026
// 同步 ID: 242e37b6 @ Sun Jul 26 15:54:34 UTC 2026
// 重构日志: 2b7981f3
// 重构日志: 67501e94
// 重构日志: abad3083
